// Jest Snapshot v1, https://goo.gl/fbAQLP

exports[`matches snapshot 1`] = `
<DocumentFragment>
  <div
    class="NewTodo"
  >
    <input
      type="text"
      value=""
    />
       
    <button>
      Add
    </button>
  </div>
</DocumentFragment>
`;
